     VMA      LMA     Size Align Out     In      Symbol
       0        0        0     1 RAMBASE = 0x81000000
81000000 81000000       61     1 .rodata.str1.1
81000000 81000000       61     1         <internal>:(.rodata.str1.1)
81000070 81000070      494    16 .text
81000070 81000070      494    16         build/src/main.o:(.text)
81000070 81000070       50     1                 getgbpoints
810000c0 810000c0       24     1                 getblueprintpoints
810000e4 810000e4       2c     1                 getfairypoints
81000110 81000110       2c     1                 getmedalpoints
8100013c 8100013c       2c     1                 getcrownpoints
81000168 81000168       a8     1                 getkeypoints
81000210 81000210       48     1                 getcompanycoinpoints
81000258 81000258       2c     1                 getkroolbonus
81000284 81000284      144     1                 tallyScore
810003c8 810003c8       64     1                 TestGFX
8100042c 8100042c       80     1                 updatescore
810004ac 810004ac       58     1                 deletescoreui
81000504 81000504      350     4 .recomp_import.*
81000504 81000504      350     4         build/src/main.o:(.recomp_import.*)
81000504 81000504        8     1                 recomp_alloc
8100050c 8100050c        8     1                 recomp_free
81000514 81000514       10     1                 recomp_printf
81000524 81000524        8     1                 recompui_create_context
8100052c 8100052c        8     1                 recompui_open_context
81000534 81000534        8     1                 recompui_close_context
8100053c 8100053c        8     1                 recompui_context_root
81000544 81000544        8     1                 recompui_show_context
8100054c 8100054c        8     1                 recompui_hide_context
81000554 81000554        8     1                 recompui_set_context_captures_input
8100055c 8100055c        8     1                 recompui_set_context_captures_mouse
81000564 81000564        8     1                 recompui_create_style
8100056c 8100056c        8     1                 recompui_create_element
81000574 81000574        8     1                 recompui_destroy_element
8100057c 8100057c        8     1                 recompui_create_button
81000584 81000584        8     1                 recompui_create_label
8100058c 8100058c        8     1                 recompui_create_textinput
81000594 81000594        8     1                 recompui_create_passwordinput
8100059c 8100059c        8     1                 recompui_create_labelradio
810005a4 810005a4        8     1                 recompui_create_slider
810005ac 810005ac        8     1                 recompui_create_imageview
810005b4 810005b4        8     1                 recompui_set_visibility
810005bc 810005bc        8     1                 recompui_set_position
810005c4 810005c4        8     1                 recompui_set_left
810005cc 810005cc        8     1                 recompui_set_top
810005d4 810005d4        8     1                 recompui_set_right
810005dc 810005dc        8     1                 recompui_set_bottom
810005e4 810005e4        8     1                 recompui_set_width
810005ec 810005ec        8     1                 recompui_set_width_auto
810005f4 810005f4        8     1                 recompui_set_height
810005fc 810005fc        8     1                 recompui_set_height_auto
81000604 81000604        8     1                 recompui_set_min_width
8100060c 8100060c        8     1                 recompui_set_min_height
81000614 81000614        8     1                 recompui_set_max_width
8100061c 8100061c        8     1                 recompui_set_max_height
81000624 81000624        8     1                 recompui_set_padding
8100062c 8100062c        8     1                 recompui_set_padding_left
81000634 81000634        8     1                 recompui_set_padding_top
8100063c 8100063c        8     1                 recompui_set_padding_right
81000644 81000644        8     1                 recompui_set_padding_bottom
8100064c 8100064c        8     1                 recompui_set_margin
81000654 81000654        8     1                 recompui_set_margin_left
8100065c 8100065c        8     1                 recompui_set_margin_top
81000664 81000664        8     1                 recompui_set_margin_right
8100066c 8100066c        8     1                 recompui_set_margin_bottom
81000674 81000674        8     1                 recompui_set_margin_auto
8100067c 8100067c        8     1                 recompui_set_margin_left_auto
81000684 81000684        8     1                 recompui_set_margin_top_auto
8100068c 8100068c        8     1                 recompui_set_margin_right_auto
81000694 81000694        8     1                 recompui_set_margin_bottom_auto
8100069c 8100069c        8     1                 recompui_set_border_width
810006a4 810006a4        8     1                 recompui_set_border_left_width
810006ac 810006ac        8     1                 recompui_set_border_top_width
810006b4 810006b4        8     1                 recompui_set_border_right_width
810006bc 810006bc        8     1                 recompui_set_border_bottom_width
810006c4 810006c4        8     1                 recompui_set_border_radius
810006cc 810006cc        8     1                 recompui_set_border_top_left_radius
810006d4 810006d4        8     1                 recompui_set_border_top_right_radius
810006dc 810006dc        8     1                 recompui_set_border_bottom_left_radius
810006e4 810006e4        8     1                 recompui_set_border_bottom_right_radius
810006ec 810006ec        8     1                 recompui_set_background_color
810006f4 810006f4        8     1                 recompui_set_border_color
810006fc 810006fc        8     1                 recompui_set_border_left_color
81000704 81000704        8     1                 recompui_set_border_top_color
8100070c 8100070c        8     1                 recompui_set_border_right_color
81000714 81000714        8     1                 recompui_set_border_bottom_color
8100071c 8100071c        8     1                 recompui_set_color
81000724 81000724        8     1                 recompui_set_cursor
8100072c 8100072c        8     1                 recompui_set_opacity
81000734 81000734        8     1                 recompui_set_display
8100073c 8100073c        8     1                 recompui_set_justify_content
81000744 81000744        8     1                 recompui_set_flex_grow
8100074c 8100074c        8     1                 recompui_set_flex_shrink
81000754 81000754        8     1                 recompui_set_flex_basis_auto
8100075c 8100075c        8     1                 recompui_set_flex_basis
81000764 81000764        8     1                 recompui_set_flex_direction
8100076c 8100076c        8     1                 recompui_set_align_items
81000774 81000774        8     1                 recompui_set_overflow
8100077c 8100077c        8     1                 recompui_set_overflow_x
81000784 81000784        8     1                 recompui_set_overflow_y
8100078c 8100078c        8     1                 recompui_set_text
81000794 81000794        8     1                 recompui_set_font_size
8100079c 8100079c        8     1                 recompui_set_letter_spacing
810007a4 810007a4        8     1                 recompui_set_line_height
810007ac 810007ac        8     1                 recompui_set_font_style
810007b4 810007b4        8     1                 recompui_set_font_weight
810007bc 810007bc        8     1                 recompui_set_text_align
810007c4 810007c4        8     1                 recompui_set_gap
810007cc 810007cc        8     1                 recompui_set_row_gap
810007d4 810007d4        8     1                 recompui_set_column_gap
810007dc 810007dc        8     1                 recompui_set_drag
810007e4 810007e4        8     1                 recompui_set_tab_index
810007ec 810007ec        8     1                 recompui_get_input_value_u32
810007f4 810007f4        8     1                 recompui_get_input_value_float
810007fc 810007fc        8     1                 recompui_get_input_text
81000804 81000804        8     1                 recompui_set_input_value_u32
8100080c 8100080c        8     1                 recompui_set_input_value_float
81000814 81000814        8     1                 recompui_set_input_text
8100081c 8100081c        8     1                 recompui_set_nav_auto
81000824 81000824        8     1                 recompui_set_nav_none
8100082c 8100082c        8     1                 recompui_set_nav
81000834 81000834        8     1                 recompui_create_texture_rgba32
8100083c 8100083c        8     1                 recompui_destroy_texture
81000844 81000844        8     1                 recompui_set_imageview_texture
8100084c 8100084c        8     1                 recompui_register_callback
81000854 81000854      25c     4 .recomp_patch
81000854 81000854      25c     4         build/src/main.o:(.recomp_patch)
81000854 81000854        8     1                 func_global_asm_8071261C
8100085c 8100085c      19c     1                 func_global_asm_80713C8C
810009f8 810009f8       90     1                 func_global_asm_80712574
81000a88 81000a88       28     1                 func_global_asm_80712628
81000ab0 81000ab0       84     4 .recomp_callback.*:recomp_on_new_file_start
81000ab0 81000ab0       84     4         build/src/main.o:(.recomp_callback.*:recomp_on_new_file_start)
81000ab0 81000ab0       84     1                 Setnewfile
81000b34 81000b34       9c     4 .recomp_callback.*:recomp_on_dirty_file_start
81000b34 81000b34       9c     4         build/src/main.o:(.recomp_callback.*:recomp_on_dirty_file_start)
81000b34 81000b34       9c     1                 Setdirtyfile
81000bd0 81000bd0      238     4 .recomp_callback.*:dk64recomp_every_frame
81000bd0 81000bd0      238     4         build/src/main.o:(.recomp_callback.*:dk64recomp_every_frame)
81000bd0 81000bd0      238     1                 KRoolChallenge
81000e10 81000e10        0    16 .data
81000e10 81000e10        0    16         build/src/main.o:(.data)
81000e10 81000e10        c    16 .bss
81000e10 81000e10        c    16         build/src/main.o:(.bss)
81000e10 81000e10        1     1                 isnewfile
81000e11 81000e11        1     1                 helm_timer_started
81000e12 81000e12        1     1                 filehasstarted
81000e14 81000e14        4     1                 ui_context
81000e18 81000e18        4     1                 score_label
       0        0      1d8     4 .rel.text
       0        0      1d8     4         build/src/main.o:(.rel.text)
       0        0        0     1 .mdebug.abi32
       0        0        0     1         build/src/main.o:(.mdebug.abi32)
       0        0      138     4 .rel.recomp_patch
       0        0      138     4         build/src/main.o:(.rel.recomp_patch)
       0        0       b0     4 .rel.recomp_callback.*:recomp_on_new_file_start
       0        0       b0     4         build/src/main.o:(.rel.recomp_callback.*:recomp_on_new_file_start)
       0        0       d0     4 .rel.recomp_callback.*:recomp_on_dirty_file_start
       0        0       d0     4         build/src/main.o:(.rel.recomp_callback.*:recomp_on_dirty_file_start)
       0        0      1c0     4 .rel.recomp_callback.*:dk64recomp_every_frame
       0        0      1c0     4         build/src/main.o:(.rel.recomp_callback.*:dk64recomp_every_frame)
       0        0      a50     4 .symtab
       0        0      a50     4         <internal>:(.symtab)
       0        0      198     1 .shstrtab
       0        0      198     1         <internal>:(.shstrtab)
       0        0      d40     1 .strtab
       0        0      d40     1         <internal>:(.strtab)
